MPLINK 5.09, LINKER
Linker Map File - Created Wed Oct 21 19:57:51 2020

                                 Section Info
                  Section       Type    Address   Location Size(Bytes)
                ---------  ---------  ---------  ---------  ---------
                 RES_VECT       code   0x000000    program   0x000002
                   .cinit    romdata   0x000001    program   0x000004
                MAIN_PROG       code   0x000003    program   0x000084
.config_2007_BUILD/DEFAULT/DEBUG/EJERCICIO3.O       code   0x002007    program   0x000002



                              Program Memory Usage 
                               Start         End      
                           ---------   ---------      
                            0x000000    0x000044      
                            0x002007    0x002007      
            70 out of 2182 program addresses used, program memory utilization is 3%



                              Symbols - Sorted by Name
                     Name    Address   Location    Storage File                     
                ---------  ---------  ---------  --------- ---------                
                    START   0x000003    program     static D:\micromplab\ex1ej3.X\ejercicio3.asm
          _MAIN_PROG_002B   0x00002e    program     static D:\micromplab\ex1ej3.X\ejercicio3.asm
          _MAIN_PROG_003C   0x00003f    program     static D:\micromplab\ex1ej3.X\ejercicio3.asm
                   inicio   0x00000a    program     static D:\micromplab\ex1ej3.X\ejercicio3.asm
                    loopj   0x000021    program     static D:\micromplab\ex1ej3.X\ejercicio3.asm
                   loopj2   0x000036    program     static D:\micromplab\ex1ej3.X\ejercicio3.asm
                    loopk   0x00002b    program     static D:\micromplab\ex1ej3.X\ejercicio3.asm
                   loopk2   0x00003c    program     static D:\micromplab\ex1ej3.X\ejercicio3.asm
               tiempo1seg   0x000034    program     static D:\micromplab\ex1ej3.X\ejercicio3.asm
                  tiempo5   0x000015    program     static D:\micromplab\ex1ej3.X\ejercicio3.asm



                              Symbols - Sorted by Address
                     Name    Address   Location    Storage File                     
                ---------  ---------  ---------  --------- ---------                
                    START   0x000003    program     static D:\micromplab\ex1ej3.X\ejercicio3.asm
                   inicio   0x00000a    program     static D:\micromplab\ex1ej3.X\ejercicio3.asm
                  tiempo5   0x000015    program     static D:\micromplab\ex1ej3.X\ejercicio3.asm
                    loopj   0x000021    program     static D:\micromplab\ex1ej3.X\ejercicio3.asm
                    loopk   0x00002b    program     static D:\micromplab\ex1ej3.X\ejercicio3.asm
          _MAIN_PROG_002B   0x00002e    program     static D:\micromplab\ex1ej3.X\ejercicio3.asm
               tiempo1seg   0x000034    program     static D:\micromplab\ex1ej3.X\ejercicio3.asm
                   loopj2   0x000036    program     static D:\micromplab\ex1ej3.X\ejercicio3.asm
                   loopk2   0x00003c    program     static D:\micromplab\ex1ej3.X\ejercicio3.asm
          _MAIN_PROG_003C   0x00003f    program     static D:\micromplab\ex1ej3.X\ejercicio3.asm


